<html>
<body>
<pre>
<h1>µVision Build Log</h1>
<h2>Tool Versions:</h2>
IDE-Version: µVision V5.22.0.0
Copyright (C) 2016 ARM Ltd and ARM Germany GmbH. All rights reserved.
License Information: NBQ Microsoft, Microsoft, LIC=JL2VE-51EBM-1P6Z5-G7R0S-GG99V-1X71Y
 
Tool Versions:
Toolchain:       MDK-ARM Plus  Version: 5.22
Toolchain Path:  C:\Keil_v5\ARM\ARMCC\Bin
C Compiler:      Armcc.exe V5.06 update 4 (build 422)
Assembler:       Armasm.exe V5.06 update 4 (build 422)
Linker/Locator:  ArmLink.exe V5.06 update 4 (build 422)
Library Manager: ArmAr.exe V5.06 update 4 (build 422)
Hex Converter:   FromElf.exe V5.06 update 4 (build 422)
CPU DLL:         SARMCM3.DLL V5.22
Dialog DLL:      DARMCM1.DLL V1.15.0.0
Target DLL:      UL2CM3.DLL V1.159.0.0
Dialog DLL:      TARMCM1.DLL V1.11.0.0
 
<h2>Project:</h2>
D:\Embedded\Projects\RF\MyProjects\PhatRF\PhatRF.uvprojx
Project File Date:  03/04/2017

<h2>Output:</h2>
*** Using Compiler 'V5.06 update 4 (build 422)', folder: 'C:\Keil_v5\ARM\ARMCC\Bin'
Build target 'Target 1'
compiling stm32f0xx_hal_msp.c...
compiling ringbuf.c...
compiling stm32f0xx_it.c...
compiling main.c...
Src\main.c(188): warning:  #177-D: function "Error_Handler"  was declared but never referenced
  static void Error_Handler(void)
Src\main.c: 1 warning, 0 errors
compiling current_meas.c...
compiling rs485.c...
Src\rs485.c(55): warning:  #186-D: pointless comparison of unsigned integer with zero
      *high = (*high >= 0 && *high <= 9) ? (*high + 0x30) : (*high + 0x37);
Src\rs485.c(56): warning:  #186-D: pointless comparison of unsigned integer with zero
      *low = (*low >= 0 && *low <= 9) ? (*low + 0x30) : (*low + 0x37);
Src\rs485.c(124): warning:  #186-D: pointless comparison of unsigned integer with zero
      if (high >= 0 && high <= 9)
Src\rs485.c(132): warning:  #186-D: pointless comparison of unsigned integer with zero
      if (low >= 0 && low <= 9)
Src\rs485.c(147): warning:  #167-D: argument of type "uint8_t *" is incompatible with parameter of type "char *restrict"
      sprintf(data, "%04d%04d",aircon1_current, aircon2_current);
Src\rs485.c(148): warning:  #167-D: argument of type "uint8_t *" is incompatible with parameter of type "const char *"
      data_len = strlen(data);
Src\rs485.c(164): warning:  #167-D: argument of type "char *" is incompatible with parameter of type "uint8_t *"
      RS485_get_aircon_data(&buf[5]);
Src\rs485.c(200): warning:  #223-D: function "RS485_InMessageHandler" declared implicitly
                      RS485_InMessageHandler(getBuffer, getBufferLen);
Src\rs485.c(230): warning:  #513-D: a value of type "char *" cannot be assigned to an entity of type "uint8_t *"
      data = &msg[4];
Src\rs485.c(59): warning:  #177-D: function "convert_hexchar_to_uint8"  was declared but never referenced
  static uint8_t convert_hexchar_to_uint8(uint8_t high, uint8_t low)
Src\rs485.c: 10 warnings, 0 errors
compiling do.c...
Src\do.c(63): warning:  #1-D: last line of file ends without a newline
  }
Src\do.c: 1 warning, 0 errors
compiling stm32f0xx_hal.c...
compiling stm32f0xx_hal_can.c...
compiling stm32f0xx_hal_adc_ex.c...
compiling stm32f0xx_hal_cec.c...
compiling stm32f0xx_hal_adc.c...
compiling stm32f0xx_hal_comp.c...
compiling stm32f0xx_hal_cortex.c...
compiling stm32f0xx_hal_crc.c...
compiling stm32f0xx_hal_dac.c...
compiling stm32f0xx_hal_crc_ex.c...
compiling stm32f0xx_hal_dac_ex.c...
compiling stm32f0xx_hal_dma.c...
compiling stm32f0xx_hal_flash_ex.c...
compiling stm32f0xx_hal_flash.c...
compiling stm32f0xx_hal_i2c_ex.c...
compiling stm32f0xx_hal_i2c.c...
compiling stm32f0xx_hal_gpio.c...
compiling stm32f0xx_hal_irda.c...
compiling stm32f0xx_hal_msp_template.c...
compiling stm32f0xx_hal_iwdg.c...
compiling stm32f0xx_hal_i2s.c...
compiling stm32f0xx_hal_pcd.c...
compiling stm32f0xx_hal_pcd_ex.c...
compiling stm32f0xx_hal_pwr.c...
compiling stm32f0xx_hal_pwr_ex.c...
compiling stm32f0xx_hal_rcc_ex.c...
compiling stm32f0xx_hal_rcc.c...
compiling stm32f0xx_hal_rtc.c...
compiling stm32f0xx_hal_rtc_ex.c...
compiling stm32f0xx_hal_smartcard.c...
compiling stm32f0xx_hal_smartcard_ex.c...
compiling stm32f0xx_hal_spi.c...
compiling stm32f0xx_hal_smbus.c...
compiling stm32f0xx_hal_spi_ex.c...
compiling stm32f0xx_hal_tim.c...
compiling stm32f0xx_hal_tim_ex.c...
compiling stm32f0xx_hal_tsc.c...
compiling stm32f0xx_hal_uart.c...
compiling stm32f0xx_hal_usart.c...
compiling stm32f0xx_ll_adc.c...
compiling stm32f0xx_hal_uart_ex.c...
compiling stm32f0xx_ll_crc.c...
compiling stm32f0xx_ll_comp.c...
compiling stm32f0xx_hal_wwdg.c...
compiling stm32f0xx_ll_crs.c...
compiling stm32f0xx_ll_dma.c...
compiling stm32f0xx_ll_dac.c...
compiling stm32f0xx_ll_exti.c...
compiling stm32f0xx_ll_pwr.c...
compiling stm32f0xx_ll_i2c.c...
compiling stm32f0xx_ll_gpio.c...
compiling stm32f0xx_ll_rcc.c...
compiling stm32f0xx_ll_spi.c...
compiling stm32f0xx_ll_tim.c...
compiling stm32f0xx_ll_rtc.c...
assembling startup_stm32f030x6.s...
compiling stm32f0xx_ll_usart.c...
compiling system_stm32f0xx.c...
compiling stm32f0xx_ll_utils.c...
linking...
Program Size: Code=11748 RO-data=368 RW-data=32 ZI-data=1552  
".\Objects\AirCon.axf" - 0 Error(s), 12 Warning(s).

<h2>Software Packages used:</h2>

Package Vendor: ARM
                http://www.keil.com/pack/ARM.CMSIS.5.0.0.pack
                ARM::CMSIS:CORE:5.0.0
                CMSIS (Cortex Microcontroller Software Interface Standard)
   * Component: CORE Version: 5.0.0

<h2>Collection of Component include folders:</h2>
  D:\Embedded\Projects\RF\MyProjects\PhatRF\RTE\_Target_1
  C:\Keil_v5\ARM\PACK\ARM\CMSIS\5.0.0\CMSIS\Include
  C:\Keil_v5\ARM\PACK\Keil\STM32F0xx_DFP\1.5.0\Device\Include

<h2>Collection of Component Files used:</h2>

   * Component: ARM::CMSIS:CORE:5.0.0
Build Time Elapsed:  00:00:25
</pre>
</body>
</html>
